../Core/Src/main.c:50:6:HAL_TIM_PeriodElapsedCallback	3
../Core/Src/main.c:86:5:main	4
../Core/Src/main.c:172:6:HAL_UART_RxCpltCallback	2
../Core/Src/main.c:182:13:Print_Status	1
../Core/Src/main.c:230:6:SystemClock_Config	4
../Core/Src/main.c:277:13:MX_ADC1_Init	3
../Core/Src/main.c:324:13:MX_TIM1_Init	7
../Core/Src/main.c:400:13:MX_TIM2_Init	4
../Core/Src/main.c:445:13:MX_TIM3_Init	4
../Core/Src/main.c:503:13:MX_USART1_UART_Init	2
../Core/Src/main.c:536:13:MX_GPIO_Init	1
../Core/Src/main.c:591:6:Error_Handler	1
